// Jest Snapshot v1, https://goo.gl/fbAQLP

exports[`<Loading /> creates a Loading component 1`] = `
<styled.div>
  <styled.div />
  <styled.div />
  <styled.div />
  <styled.div />
</styled.div>
`;
