// Jest Snapshot v1, https://goo.gl/fbAQLP

exports[`<Button /> creates a Button component 1`] = `
<StyledComponent
  forwardedComponent={
    Object {
      "$$typeof": Symbol(react.forward_ref),
      "attrs": Array [
        [Function],
      ],
      "componentStyle": ComponentStyle {
        "componentId": "sc-bdVaJa",
        "isStatic": false,
        "rules": Array [
          "
  box-sizing: border-box;
  min-height: 40px;
  padding: 0px 32px;
  border: none;
  border-radius: 4px;
  display: inline-flex;
  justify-content: center;
  align-items: center;
  outline: none;
  color: white;

  ",
          [Function],
          "

  ",
          [Function],
          "

  ",
          [Function],
          "

  ",
          [Function],
          "
",
        ],
      },
      "displayName": "styled.button",
      "foldedComponentIds": Array [],
      "propTypes": Object {
        "color": [Function],
        "disabled": [Function],
      },
      "render": [Function],
      "styledComponentId": "sc-bdVaJa",
      "target": "button",
      "toString": [Function],
      "warnTooManyClasses": [Function],
      "withComponent": [Function],
    }
  }
  forwardedRef={null}
/>
`;
